Archive member included to satisfy reference by file (symbol)

c:/intelfpga_lite/18.1/nios2eds/bin/gnu/h-x86_64-mingw32/bin/../lib/gcc/nios2-elf/5.3.0\libgcc.a(lib2-divmod.o)
                              obj/default/hello_world.o (__modsi3)
../rfid_test_bsp/\libhal_bsp.a(alt_load.o)
                              ../rfid_test_bsp//obj/HAL/src/crt0.o (alt_load)
../rfid_test_bsp/\libhal_bsp.a(alt_main.o)
                              ../rfid_test_bsp//obj/HAL/src/crt0.o (alt_main)
../rfid_test_bsp/\libhal_bsp.a(alt_sys_init.o)
                              ../rfid_test_bsp/\libhal_bsp.a(alt_main.o) (alt_irq_init)
../rfid_test_bsp/\libhal_bsp.a(altera_avalon_jtag_uart_fd.o)
                              ../rfid_test_bsp/\libhal_bsp.a(alt_sys_init.o) (altera_avalon_jtag_uart_read_fd)
../rfid_test_bsp/\libhal_bsp.a(altera_avalon_jtag_uart_read.o)
                              ../rfid_test_bsp/\libhal_bsp.a(altera_avalon_jtag_uart_fd.o) (altera_avalon_jtag_uart_read)
../rfid_test_bsp/\libhal_bsp.a(altera_avalon_jtag_uart_write.o)
                              ../rfid_test_bsp/\libhal_bsp.a(altera_avalon_jtag_uart_fd.o) (altera_avalon_jtag_uart_write)
../rfid_test_bsp/\libhal_bsp.a(alt_close.o)
                              ../rfid_test_bsp/\libhal_bsp.a(alt_main.o) (close)
../rfid_test_bsp/\libhal_bsp.a(alt_dcache_flush_all.o)
                              ../rfid_test_bsp/\libhal_bsp.a(alt_load.o) (alt_dcache_flush_all)
../rfid_test_bsp/\libhal_bsp.a(alt_dev.o)
                              ../rfid_test_bsp/\libhal_bsp.a(alt_sys_init.o) (alt_dev_list)
../rfid_test_bsp/\libhal_bsp.a(alt_dev_llist_insert.o)
                              ../rfid_test_bsp/\libhal_bsp.a(alt_sys_init.o) (alt_dev_llist_insert)
../rfid_test_bsp/\libhal_bsp.a(alt_do_ctors.o)
                              ../rfid_test_bsp/\libhal_bsp.a(alt_main.o) (_do_ctors)
../rfid_test_bsp/\libhal_bsp.a(alt_do_dtors.o)
                              ../rfid_test_bsp/\libhal_bsp.a(alt_main.o) (_do_dtors)
../rfid_test_bsp/\libhal_bsp.a(alt_errno.o)
                              ../rfid_test_bsp/\libhal_bsp.a(alt_close.o) (alt_errno)
../rfid_test_bsp/\libhal_bsp.a(alt_icache_flush_all.o)
                              ../rfid_test_bsp/\libhal_bsp.a(alt_load.o) (alt_icache_flush_all)
../rfid_test_bsp/\libhal_bsp.a(alt_release_fd.o)
                              ../rfid_test_bsp/\libhal_bsp.a(alt_close.o) (alt_release_fd)
../rfid_test_bsp/\libhal_bsp.a(altera_nios2_gen2_irq.o)
                              ../rfid_test_bsp/\libhal_bsp.a(alt_sys_init.o) (altera_nios2_gen2_irq_init)
../rfid_test_bsp/\libhal_bsp.a(alt_icache_flush.o)
                              ../rfid_test_bsp/\libhal_bsp.a(alt_icache_flush_all.o) (alt_icache_flush)
c:/intelfpga_lite/18.1/nios2eds/bin/gnu/h-x86_64-mingw32/bin/../lib/gcc/nios2-elf/5.3.0/../../../../../H-x86_64-mingw32/nios2-elf/lib\libsmallc.a(lib_a-atexit.o)
                              ../rfid_test_bsp/\libhal_bsp.a(alt_main.o) (atexit)
c:/intelfpga_lite/18.1/nios2eds/bin/gnu/h-x86_64-mingw32/bin/../lib/gcc/nios2-elf/5.3.0/../../../../../H-x86_64-mingw32/nios2-elf/lib\libsmallc.a(lib_a-exit.o)
                              ../rfid_test_bsp/\libhal_bsp.a(alt_main.o) (exit)
c:/intelfpga_lite/18.1/nios2eds/bin/gnu/h-x86_64-mingw32/bin/../lib/gcc/nios2-elf/5.3.0/../../../../../H-x86_64-mingw32/nios2-elf/lib\libsmallc.a(lib_a-int_errno.o)
                              ../rfid_test_bsp/\libhal_bsp.a(alt_close.o) (errno)
c:/intelfpga_lite/18.1/nios2eds/bin/gnu/h-x86_64-mingw32/bin/../lib/gcc/nios2-elf/5.3.0/../../../../../H-x86_64-mingw32/nios2-elf/lib\libsmallc.a(lib_a-__atexit.o)
                              c:/intelfpga_lite/18.1/nios2eds/bin/gnu/h-x86_64-mingw32/bin/../lib/gcc/nios2-elf/5.3.0/../../../../../H-x86_64-mingw32/nios2-elf/lib\libsmallc.a(lib_a-atexit.o) (__register_exitproc)
c:/intelfpga_lite/18.1/nios2eds/bin/gnu/h-x86_64-mingw32/bin/../lib/gcc/nios2-elf/5.3.0/../../../../../H-x86_64-mingw32/nios2-elf/lib\libsmallc.a(lib_a-__call_atexit.o)
                              c:/intelfpga_lite/18.1/nios2eds/bin/gnu/h-x86_64-mingw32/bin/../lib/gcc/nios2-elf/5.3.0/../../../../../H-x86_64-mingw32/nios2-elf/lib\libsmallc.a(lib_a-exit.o) (__call_exitprocs)
c:/intelfpga_lite/18.1/nios2eds/bin/gnu/h-x86_64-mingw32/bin/../lib/gcc/nios2-elf/5.3.0/../../../../../H-x86_64-mingw32/nios2-elf/lib\libsmallc.a(lib_a-impure.o)
                              c:/intelfpga_lite/18.1/nios2eds/bin/gnu/h-x86_64-mingw32/bin/../lib/gcc/nios2-elf/5.3.0/../../../../../H-x86_64-mingw32/nios2-elf/lib\libsmallc.a(lib_a-__atexit.o) (_global_impure_ptr)
../rfid_test_bsp/\libhal_bsp.a(alt_exit.o)
                              c:/intelfpga_lite/18.1/nios2eds/bin/gnu/h-x86_64-mingw32/bin/../lib/gcc/nios2-elf/5.3.0/../../../../../H-x86_64-mingw32/nios2-elf/lib\libsmallc.a(lib_a-exit.o) (_exit)

Allocating common symbols
Common symbol       size              file

errno               0x4               c:/intelfpga_lite/18.1/nios2eds/bin/gnu/h-x86_64-mingw32/bin/../lib/gcc/nios2-elf/5.3.0/../../../../../H-x86_64-mingw32/nios2-elf/lib\libsmallc.a(lib_a-int_errno.o)
crc_table           0x200             obj/default/helpers/crc.o
command_ack         0xc               obj/default/hello_world.o

Memory Configuration

Name             Origin             Length             Attributes
reset            0x0000000000020000 0x0000000000000020
onchip_memory2_0 0x0000000000020020 0x000000000001c1e0
*default*        0x0000000000000000 0xffffffffffffffff

Linker script and memory map

LOAD ../rfid_test_bsp//obj/HAL/src/crt0.o
LOAD obj/default/hello_world.o
LOAD obj/default/helpers/commands/ack.o
LOAD obj/default/helpers/commands/kill.o
LOAD obj/default/helpers/commands/lock.o
LOAD obj/default/helpers/commands/nak.o
LOAD obj/default/helpers/commands/query.o
LOAD obj/default/helpers/commands/query_adjust.o
LOAD obj/default/helpers/commands/query_rep.o
LOAD obj/default/helpers/commands/read.o
LOAD obj/default/helpers/commands/req_rn.o
LOAD obj/default/helpers/commands/rn16.o
LOAD obj/default/helpers/commands/select.o
LOAD obj/default/helpers/commands/write.o
LOAD obj/default/helpers/crc.o
LOAD c:/intelfpga_lite/18.1/nios2eds/bin/gnu/h-x86_64-mingw32/bin/../lib/gcc/nios2-elf/5.3.0/../../../../../H-x86_64-mingw32/nios2-elf/lib\libstdc++.a
LOAD c:/intelfpga_lite/18.1/nios2eds/bin/gnu/h-x86_64-mingw32/bin/../lib/gcc/nios2-elf/5.3.0/../../../../../H-x86_64-mingw32/nios2-elf/lib\libm.a
LOAD c:/intelfpga_lite/18.1/nios2eds/bin/gnu/h-x86_64-mingw32/bin/../lib/gcc/nios2-elf/5.3.0\libgcc.a
START GROUP
LOAD c:/intelfpga_lite/18.1/nios2eds/bin/gnu/h-x86_64-mingw32/bin/../lib/gcc/nios2-elf/5.3.0/../../../../../H-x86_64-mingw32/nios2-elf/lib\libsmallc.a
LOAD c:/intelfpga_lite/18.1/nios2eds/bin/gnu/h-x86_64-mingw32/bin/../lib/gcc/nios2-elf/5.3.0\libgcc.a
LOAD ../rfid_test_bsp/\libhal_bsp.a
LOAD c:/intelfpga_lite/18.1/nios2eds/bin/gnu/h-x86_64-mingw32/bin/../lib/gcc/nios2-elf/5.3.0/../../../../../H-x86_64-mingw32/nios2-elf/lib\libm.a
END GROUP
LOAD c:/intelfpga_lite/18.1/nios2eds/bin/gnu/h-x86_64-mingw32/bin/../lib/gcc/nios2-elf/5.3.0\libgcc.a
                0x0000000000020000                __alt_mem_onchip_memory2_0 = 0x20000

.entry          0x0000000000020000       0x20
 *(.entry)
 .entry         0x0000000000020000       0x20 ../rfid_test_bsp//obj/HAL/src/crt0.o
                0x0000000000020000                __reset

.exceptions     0x0000000000020020        0x0
                0x0000000000020020                PROVIDE (__ram_exceptions_start, ABSOLUTE (.))
                0x0000000000020020                . = ALIGN (0x20)
 *(.irq)
 *(.exceptions.entry.label)
 *(.exceptions.entry.user)
 *(.exceptions.entry.ecc_fatal)
 *(.exceptions.entry)
 *(.exceptions.irqtest.user)
 *(.exceptions.irqtest)
 *(.exceptions.irqhandler.user)
 *(.exceptions.irqhandler)
 *(.exceptions.irqreturn.user)
 *(.exceptions.irqreturn)
 *(.exceptions.notirq.label)
 *(.exceptions.notirq.user)
 *(.exceptions.notirq)
 *(.exceptions.soft.user)
 *(.exceptions.soft)
 *(.exceptions.unknown.user)
 *(.exceptions.unknown)
 *(.exceptions.exit.label)
 *(.exceptions.exit.user)
 *(.exceptions.exit)
 *(.exceptions)
                0x0000000000020020                PROVIDE (__ram_exceptions_end, ABSOLUTE (.))
                0x0000000000020020                PROVIDE (__flash_exceptions_start, LOADADDR (.exceptions))

.text           0x0000000000020020     0x23a0
                [!provide]                        PROVIDE (stext, ABSOLUTE (.))
 *(.interp)
 *(.hash)
 *(.dynsym)
 *(.dynstr)
 *(.gnu.version)
 *(.gnu.version_d)
 *(.gnu.version_r)
 *(.rel.init)
 *(.rela.init)
 *(.rel.text .rel.text.* .rel.gnu.linkonce.t.*)
 *(.rela.text .rela.text.* .rela.gnu.linkonce.t.*)
 *(.rel.fini)
 *(.rela.fini)
 *(.rel.rodata .rel.rodata.* .rel.gnu.linkonce.r.*)
 *(.rela.rodata .rela.rodata.* .rela.gnu.linkonce.r.*)
 *(.rel.data .rel.data.* .rel.gnu.linkonce.d.*)
 *(.rela.data .rela.data.* .rela.gnu.linkonce.d.*)
 *(.rel.tdata .rel.tdata.* .rel.gnu.linkonce.td.*)
 *(.rela.tdata .rela.tdata.* .rela.gnu.linkonce.td.*)
 *(.rel.tbss .rel.tbss.* .rel.gnu.linkonce.tb.*)
 *(.rela.tbss .rela.tbss.* .rela.gnu.linkonce.tb.*)
 *(.rel.ctors)
 *(.rela.ctors)
 *(.rel.dtors)
 *(.rela.dtors)
 *(.rel.got)
 *(.rela.got)
 *(.rel.sdata .rel.sdata.* .rel.gnu.linkonce.s.*)
 *(.rela.sdata .rela.sdata.* .rela.gnu.linkonce.s.*)
 *(.rel.sbss .rel.sbss.* .rel.gnu.linkonce.sb.*)
 *(.rela.sbss .rela.sbss.* .rela.gnu.linkonce.sb.*)
 *(.rel.sdata2 .rel.sdata2.* .rel.gnu.linkonce.s2.*)
 *(.rela.sdata2 .rela.sdata2.* .rela.gnu.linkonce.s2.*)
 *(.rel.sbss2 .rel.sbss2.* .rel.gnu.linkonce.sb2.*)
 *(.rela.sbss2 .rela.sbss2.* .rela.gnu.linkonce.sb2.*)
 *(.rel.bss .rel.bss.* .rel.gnu.linkonce.b.*)
 *(.rela.bss .rela.bss.* .rela.gnu.linkonce.b.*)
 *(.rel.plt)
 *(.rela.plt)
 *(.rel.dyn)
 *(.init)
 *(.plt)
 *(.text .stub .text.* .gnu.linkonce.t.*)
 .text          0x0000000000020020       0x1c ../rfid_test_bsp//obj/HAL/src/crt0.o
                0x0000000000020020                _start
 .text          0x000000000002003c      0x200 obj/default/hello_world.o
                0x000000000002003c                check_fifo_full
                0x0000000000020068                send_package
                0x000000000002009c                mount_package
                0x00000000000201a4                main
 .text          0x000000000002023c      0x11c obj/default/helpers/commands/ack.o
                0x000000000002023c                ack_init
                0x000000000002028c                ack_build
                0x00000000000202fc                ack_validate
 .text          0x0000000000020358      0x170 obj/default/helpers/commands/kill.o
                0x0000000000020358                kill_init
                0x00000000000203e0                kill_build
 .text          0x00000000000204c8      0x130 obj/default/helpers/commands/lock.o
                0x00000000000204c8                lock_init
                0x000000000002053c                lock_build
 .text          0x00000000000205f8       0xd4 obj/default/helpers/commands/nak.o
                0x00000000000205f8                nak_init
                0x0000000000020634                nak_build
                0x0000000000020668                nak_validate
 .text          0x00000000000206cc      0x310 obj/default/helpers/commands/query.o
                0x00000000000206cc                query_init
                0x0000000000020794                query_build
                0x0000000000020938                query_validate
 .text          0x00000000000209dc       0xf8 obj/default/helpers/commands/query_adjust.o
                0x00000000000209dc                query_adjust_init
                0x0000000000020a40                query_adjust_command
 .text          0x0000000000020ad4       0xc0 obj/default/helpers/commands/query_rep.o
                0x0000000000020ad4                query_rep_init
                0x0000000000020b20                query_rep_build
 .text          0x0000000000020b94      0x1b0 obj/default/helpers/commands/read.o
                0x0000000000020b94                read_init
                0x0000000000020c34                read_build
 .text          0x0000000000020d44      0x2b0 obj/default/helpers/commands/req_rn.o
                0x0000000000020d44                req_rn_init
                0x0000000000020da0                req_rn_build
                0x0000000000020ef8                req_rn_validate
 .text          0x0000000000020ff4       0x20 obj/default/helpers/commands/rn16.o
                0x0000000000020ff4                rn16_generate
 .text          0x0000000000021014      0x25c obj/default/helpers/commands/select.o
                0x0000000000021014                select_init
                0x00000000000210ec                select_build
 .text          0x0000000000021270      0x1b0 obj/default/helpers/commands/write.o
                0x0000000000021270                write_init
                0x0000000000021310                write_build
 .text          0x0000000000021420      0x200 obj/default/helpers/crc.o
                0x0000000000021420                crc_16_ccitt_init
                0x00000000000214ec                crc_16_ccitt
                0x0000000000021594                crc5
 .text          0x0000000000021620      0x1b4 c:/intelfpga_lite/18.1/nios2eds/bin/gnu/h-x86_64-mingw32/bin/../lib/gcc/nios2-elf/5.3.0\libgcc.a(lib2-divmod.o)
                0x0000000000021620                __divsi3
                0x00000000000216a4                __modsi3
                0x0000000000021718                __udivsi3
                0x000000000002177c                __umodsi3
 .text          0x00000000000217d4       0xec ../rfid_test_bsp/\libhal_bsp.a(alt_load.o)
                0x000000000002183c                alt_load
 .text          0x00000000000218c0       0x60 ../rfid_test_bsp/\libhal_bsp.a(alt_main.o)
                0x00000000000218c0                alt_main
 .text          0x0000000000021920       0xa4 ../rfid_test_bsp/\libhal_bsp.a(alt_sys_init.o)
                0x0000000000021954                alt_irq_init
                0x000000000002198c                alt_sys_init
 .text          0x00000000000219c4       0xc0 ../rfid_test_bsp/\libhal_bsp.a(altera_avalon_jtag_uart_fd.o)
                0x00000000000219c4                altera_avalon_jtag_uart_read_fd
                0x0000000000021a24                altera_avalon_jtag_uart_write_fd
 .text          0x0000000000021a84       0xec ../rfid_test_bsp/\libhal_bsp.a(altera_avalon_jtag_uart_read.o)
                0x0000000000021a84                altera_avalon_jtag_uart_read
 .text          0x0000000000021b70       0x94 ../rfid_test_bsp/\libhal_bsp.a(altera_avalon_jtag_uart_write.o)
                0x0000000000021b70                altera_avalon_jtag_uart_write
 .text          0x0000000000021c04      0x10c ../rfid_test_bsp/\libhal_bsp.a(alt_close.o)
                0x0000000000021c40                close
 .text          0x0000000000021d10       0x48 ../rfid_test_bsp/\libhal_bsp.a(alt_dcache_flush_all.o)
                0x0000000000021d10                alt_dcache_flush_all
 .text          0x0000000000021d58       0x2c ../rfid_test_bsp/\libhal_bsp.a(alt_dev.o)
 .text          0x0000000000021d84       0xe0 ../rfid_test_bsp/\libhal_bsp.a(alt_dev_llist_insert.o)
                0x0000000000021dc0                alt_dev_llist_insert
 .text          0x0000000000021e64       0x60 ../rfid_test_bsp/\libhal_bsp.a(alt_do_ctors.o)
                0x0000000000021e64                _do_ctors
 .text          0x0000000000021ec4       0x60 ../rfid_test_bsp/\libhal_bsp.a(alt_do_dtors.o)
                0x0000000000021ec4                _do_dtors
 .text          0x0000000000021f24        0x0 ../rfid_test_bsp/\libhal_bsp.a(alt_errno.o)
 .text          0x0000000000021f24       0x34 ../rfid_test_bsp/\libhal_bsp.a(alt_icache_flush_all.o)
                0x0000000000021f24                alt_icache_flush_all
 .text          0x0000000000021f58       0x64 ../rfid_test_bsp/\libhal_bsp.a(alt_release_fd.o)
                0x0000000000021f58                alt_release_fd
 .text          0x0000000000021fbc       0x24 ../rfid_test_bsp/\libhal_bsp.a(altera_nios2_gen2_irq.o)
                0x0000000000021fbc                altera_nios2_gen2_irq_init
 .text          0x0000000000021fe0       0x90 ../rfid_test_bsp/\libhal_bsp.a(alt_icache_flush.o)
                0x0000000000021fe0                alt_icache_flush
 .text          0x0000000000022070        0x0 c:/intelfpga_lite/18.1/nios2eds/bin/gnu/h-x86_64-mingw32/bin/../lib/gcc/nios2-elf/5.3.0/../../../../../H-x86_64-mingw32/nios2-elf/lib\libsmallc.a(lib_a-atexit.o)
 .text.atexit   0x0000000000022070       0x14 c:/intelfpga_lite/18.1/nios2eds/bin/gnu/h-x86_64-mingw32/bin/../lib/gcc/nios2-elf/5.3.0/../../../../../H-x86_64-mingw32/nios2-elf/lib\libsmallc.a(lib_a-atexit.o)
                0x0000000000022070                atexit
 .text          0x0000000000022084        0x0 c:/intelfpga_lite/18.1/nios2eds/bin/gnu/h-x86_64-mingw32/bin/../lib/gcc/nios2-elf/5.3.0/../../../../../H-x86_64-mingw32/nios2-elf/lib\libsmallc.a(lib_a-exit.o)
 .text.exit     0x0000000000022084       0x20 c:/intelfpga_lite/18.1/nios2eds/bin/gnu/h-x86_64-mingw32/bin/../lib/gcc/nios2-elf/5.3.0/../../../../../H-x86_64-mingw32/nios2-elf/lib\libsmallc.a(lib_a-exit.o)
                0x0000000000022084                exit
 .text          0x00000000000220a4        0x0 c:/intelfpga_lite/18.1/nios2eds/bin/gnu/h-x86_64-mingw32/bin/../lib/gcc/nios2-elf/5.3.0/../../../../../H-x86_64-mingw32/nios2-elf/lib\libsmallc.a(lib_a-int_errno.o)
 .text          0x00000000000220a4        0x0 c:/intelfpga_lite/18.1/nios2eds/bin/gnu/h-x86_64-mingw32/bin/../lib/gcc/nios2-elf/5.3.0/../../../../../H-x86_64-mingw32/nios2-elf/lib\libsmallc.a(lib_a-__atexit.o)
 .text.__register_exitproc
                0x00000000000220a4      0x158 c:/intelfpga_lite/18.1/nios2eds/bin/gnu/h-x86_64-mingw32/bin/../lib/gcc/nios2-elf/5.3.0/../../../../../H-x86_64-mingw32/nios2-elf/lib\libsmallc.a(lib_a-__atexit.o)
                0x00000000000220a4                __register_exitproc
 .text          0x00000000000221fc        0x0 c:/intelfpga_lite/18.1/nios2eds/bin/gnu/h-x86_64-mingw32/bin/../lib/gcc/nios2-elf/5.3.0/../../../../../H-x86_64-mingw32/nios2-elf/lib\libsmallc.a(lib_a-__call_atexit.o)
 .text.__call_exitprocs
                0x00000000000221fc      0x190 c:/intelfpga_lite/18.1/nios2eds/bin/gnu/h-x86_64-mingw32/bin/../lib/gcc/nios2-elf/5.3.0/../../../../../H-x86_64-mingw32/nios2-elf/lib\libsmallc.a(lib_a-__call_atexit.o)
                0x00000000000221fc                __call_exitprocs
 .text          0x000000000002238c        0x0 c:/intelfpga_lite/18.1/nios2eds/bin/gnu/h-x86_64-mingw32/bin/../lib/gcc/nios2-elf/5.3.0/../../../../../H-x86_64-mingw32/nios2-elf/lib\libsmallc.a(lib_a-impure.o)
 .text          0x000000000002238c       0x34 ../rfid_test_bsp/\libhal_bsp.a(alt_exit.o)
                0x000000000002238c                _exit
 *(.gnu.warning.*)
 *(.fini)
                [!provide]                        PROVIDE (__etext, ABSOLUTE (.))
                [!provide]                        PROVIDE (_etext, ABSOLUTE (.))
                [!provide]                        PROVIDE (etext, ABSOLUTE (.))
 *(.eh_frame_hdr)
                0x00000000000223c0                . = ALIGN (0x4)
                [!provide]                        PROVIDE (__preinit_array_start, ABSOLUTE (.))
 *(.preinit_array)
                [!provide]                        PROVIDE (__preinit_array_end, ABSOLUTE (.))
                [!provide]                        PROVIDE (__init_array_start, ABSOLUTE (.))
 *(.init_array)
                [!provide]                        PROVIDE (__init_array_end, ABSOLUTE (.))
                [!provide]                        PROVIDE (__fini_array_start, ABSOLUTE (.))
 *(.fini_array)
                [!provide]                        PROVIDE (__fini_array_end, ABSOLUTE (.))
 *(.eh_frame)
 *(.gcc_except_table .gcc_except_table.*)
 *(.dynamic)
                0x00000000000223c0                PROVIDE (__CTOR_LIST__, ABSOLUTE (.))
 *(.ctors)
 *(SORT(.ctors.*))
                0x00000000000223c0                PROVIDE (__CTOR_END__, ABSOLUTE (.))
                0x00000000000223c0                PROVIDE (__DTOR_LIST__, ABSOLUTE (.))
 *(.dtors)
 *(SORT(.dtors.*))
                0x00000000000223c0                PROVIDE (__DTOR_END__, ABSOLUTE (.))
 *(.jcr)
                0x00000000000223c0                . = ALIGN (0x4)

.rodata         0x00000000000223c0       0x20
                0x00000000000223c0                PROVIDE (__ram_rodata_start, ABSOLUTE (.))
                0x00000000000223c0                . = ALIGN (0x4)
 *(.rodata .rodata.* .gnu.linkonce.r.*)
 .rodata        0x00000000000223c0       0x11 ../rfid_test_bsp/\libhal_bsp.a(alt_sys_init.o)
 *fill*         0x00000000000223d1        0x3 
 .rodata        0x00000000000223d4        0xa ../rfid_test_bsp/\libhal_bsp.a(alt_dev.o)
 *(.rodata1)
                0x00000000000223e0                . = ALIGN (0x4)
 *fill*         0x00000000000223de        0x2 
                0x00000000000223e0                PROVIDE (__ram_rodata_end, ABSOLUTE (.))
                0x00000000000223c0                PROVIDE (__flash_rodata_start, LOADADDR (.rodata))

.rwdata         0x00000000000223e0      0x2d8 load address 0x00000000000226b8
                0x00000000000223e0                PROVIDE (__ram_rwdata_start, ABSOLUTE (.))
                0x00000000000223e0                . = ALIGN (0x4)
 *(.got.plt)
 *(.got)
 *(.data1)
 *(.data .data.* .gnu.linkonce.d.*)
 .data          0x00000000000223e0        0x0 ../rfid_test_bsp//obj/HAL/src/crt0.o
 .data          0x00000000000223e0        0x0 obj/default/hello_world.o
 .data          0x00000000000223e0        0x0 obj/default/helpers/commands/ack.o
 .data          0x00000000000223e0        0x0 obj/default/helpers/commands/kill.o
 .data          0x00000000000223e0        0x0 obj/default/helpers/commands/lock.o
 .data          0x00000000000223e0        0x0 obj/default/helpers/commands/nak.o
 .data          0x00000000000223e0        0x0 obj/default/helpers/commands/query.o
 .data          0x00000000000223e0        0x0 obj/default/helpers/commands/query_adjust.o
 .data          0x00000000000223e0        0x0 obj/default/helpers/commands/query_rep.o
 .data          0x00000000000223e0        0x0 obj/default/helpers/commands/read.o
 .data          0x00000000000223e0        0x0 obj/default/helpers/commands/req_rn.o
 .data          0x00000000000223e0        0x0 obj/default/helpers/commands/rn16.o
 .data          0x00000000000223e0        0x0 obj/default/helpers/commands/select.o
 .data          0x00000000000223e0        0x0 obj/default/helpers/commands/write.o
 .data          0x00000000000223e0        0x0 obj/default/helpers/crc.o
 .data          0x00000000000223e0        0x0 c:/intelfpga_lite/18.1/nios2eds/bin/gnu/h-x86_64-mingw32/bin/../lib/gcc/nios2-elf/5.3.0\libgcc.a(lib2-divmod.o)
 .data          0x00000000000223e0        0x0 ../rfid_test_bsp/\libhal_bsp.a(alt_load.o)
 .data          0x00000000000223e0        0x0 ../rfid_test_bsp/\libhal_bsp.a(alt_main.o)
 .data          0x00000000000223e0       0x2c ../rfid_test_bsp/\libhal_bsp.a(alt_sys_init.o)
 .data          0x000000000002240c        0x0 ../rfid_test_bsp/\libhal_bsp.a(altera_avalon_jtag_uart_fd.o)
 .data          0x000000000002240c        0x0 ../rfid_test_bsp/\libhal_bsp.a(altera_avalon_jtag_uart_read.o)
 .data          0x000000000002240c        0x0 ../rfid_test_bsp/\libhal_bsp.a(altera_avalon_jtag_uart_write.o)
 .data          0x000000000002240c        0x0 ../rfid_test_bsp/\libhal_bsp.a(alt_close.o)
 .data          0x000000000002240c        0x0 ../rfid_test_bsp/\libhal_bsp.a(alt_dcache_flush_all.o)
 .data          0x000000000002240c      0x1a8 ../rfid_test_bsp/\libhal_bsp.a(alt_dev.o)
                0x000000000002240c                alt_dev_null
                0x0000000000022434                alt_fd_list
 .data          0x00000000000225b4        0x0 ../rfid_test_bsp/\libhal_bsp.a(alt_dev_llist_insert.o)
 .data          0x00000000000225b4        0x0 ../rfid_test_bsp/\libhal_bsp.a(alt_do_ctors.o)
 .data          0x00000000000225b4        0x0 ../rfid_test_bsp/\libhal_bsp.a(alt_do_dtors.o)
 .data          0x00000000000225b4        0x0 ../rfid_test_bsp/\libhal_bsp.a(alt_errno.o)
 .data          0x00000000000225b4        0x0 ../rfid_test_bsp/\libhal_bsp.a(alt_icache_flush_all.o)
 .data          0x00000000000225b4        0x0 ../rfid_test_bsp/\libhal_bsp.a(alt_release_fd.o)
 .data          0x00000000000225b4        0x0 ../rfid_test_bsp/\libhal_bsp.a(altera_nios2_gen2_irq.o)
 .data          0x00000000000225b4        0x0 ../rfid_test_bsp/\libhal_bsp.a(alt_icache_flush.o)
 .data          0x00000000000225b4        0x0 c:/intelfpga_lite/18.1/nios2eds/bin/gnu/h-x86_64-mingw32/bin/../lib/gcc/nios2-elf/5.3.0/../../../../../H-x86_64-mingw32/nios2-elf/lib\libsmallc.a(lib_a-atexit.o)
 .data          0x00000000000225b4        0x0 c:/intelfpga_lite/18.1/nios2eds/bin/gnu/h-x86_64-mingw32/bin/../lib/gcc/nios2-elf/5.3.0/../../../../../H-x86_64-mingw32/nios2-elf/lib\libsmallc.a(lib_a-exit.o)
 .data          0x00000000000225b4        0x0 c:/intelfpga_lite/18.1/nios2eds/bin/gnu/h-x86_64-mingw32/bin/../lib/gcc/nios2-elf/5.3.0/../../../../../H-x86_64-mingw32/nios2-elf/lib\libsmallc.a(lib_a-int_errno.o)
 .data          0x00000000000225b4        0x0 c:/intelfpga_lite/18.1/nios2eds/bin/gnu/h-x86_64-mingw32/bin/../lib/gcc/nios2-elf/5.3.0/../../../../../H-x86_64-mingw32/nios2-elf/lib\libsmallc.a(lib_a-__atexit.o)
 .data          0x00000000000225b4        0x0 c:/intelfpga_lite/18.1/nios2eds/bin/gnu/h-x86_64-mingw32/bin/../lib/gcc/nios2-elf/5.3.0/../../../../../H-x86_64-mingw32/nios2-elf/lib\libsmallc.a(lib_a-__call_atexit.o)
 .data          0x00000000000225b4        0x0 c:/intelfpga_lite/18.1/nios2eds/bin/gnu/h-x86_64-mingw32/bin/../lib/gcc/nios2-elf/5.3.0/../../../../../H-x86_64-mingw32/nios2-elf/lib\libsmallc.a(lib_a-impure.o)
 .data.impure_data
                0x00000000000225b4       0xe0 c:/intelfpga_lite/18.1/nios2eds/bin/gnu/h-x86_64-mingw32/bin/../lib/gcc/nios2-elf/5.3.0/../../../../../H-x86_64-mingw32/nios2-elf/lib\libsmallc.a(lib_a-impure.o)
 .data          0x0000000000022694        0x0 ../rfid_test_bsp/\libhal_bsp.a(alt_exit.o)
                0x000000000002a694                _gp = ABSOLUTE ((. + 0x8000))
                [!provide]                        PROVIDE (gp, _gp)
 *(.rwdata .rwdata.*)
 *(.sdata .sdata.* .gnu.linkonce.s.*)
 .sdata         0x0000000000022694        0x4 obj/default/hello_world.o
                0x0000000000022694                tari_test
 .sdata         0x0000000000022698       0x14 ../rfid_test_bsp/\libhal_bsp.a(alt_dev.o)
                0x0000000000022698                alt_fs_list
                0x00000000000226a0                alt_dev_list
                0x00000000000226a8                alt_max_fd
 .sdata         0x00000000000226ac        0x4 ../rfid_test_bsp/\libhal_bsp.a(alt_errno.o)
                0x00000000000226ac                alt_errno
 .sdata._global_impure_ptr
                0x00000000000226b0        0x4 c:/intelfpga_lite/18.1/nios2eds/bin/gnu/h-x86_64-mingw32/bin/../lib/gcc/nios2-elf/5.3.0/../../../../../H-x86_64-mingw32/nios2-elf/lib\libsmallc.a(lib_a-impure.o)
                0x00000000000226b0                _global_impure_ptr
 .sdata._impure_ptr
                0x00000000000226b4        0x4 c:/intelfpga_lite/18.1/nios2eds/bin/gnu/h-x86_64-mingw32/bin/../lib/gcc/nios2-elf/5.3.0/../../../../../H-x86_64-mingw32/nios2-elf/lib\libsmallc.a(lib_a-impure.o)
                0x00000000000226b4                _impure_ptr
 *(.sdata2 .sdata2.* .gnu.linkonce.s2.*)
                0x00000000000226b8                . = ALIGN (0x4)
                0x00000000000226b8                _edata = ABSOLUTE (.)
                [!provide]                        PROVIDE (edata, ABSOLUTE (.))
                0x00000000000226b8                PROVIDE (__ram_rwdata_end, ABSOLUTE (.))
                0x00000000000226b8                PROVIDE (__flash_rwdata_start, LOADADDR (.rwdata))

.bss            0x0000000000022990      0x21c
                0x0000000000022990                __bss_start = ABSOLUTE (.)
                [!provide]                        PROVIDE (__sbss_start, ABSOLUTE (.))
                [!provide]                        PROVIDE (___sbss_start, ABSOLUTE (.))
 *(.dynsbss)
 *(.sbss .sbss.* .gnu.linkonce.sb.*)
 .sbss          0x0000000000022990        0xc ../rfid_test_bsp/\libhal_bsp.a(alt_main.o)
                0x0000000000022990                alt_argc
                0x0000000000022994                alt_argv
                0x0000000000022998                alt_envp
 .sbss          0x000000000002299c        0x4 c:/intelfpga_lite/18.1/nios2eds/bin/gnu/h-x86_64-mingw32/bin/../lib/gcc/nios2-elf/5.3.0/../../../../../H-x86_64-mingw32/nios2-elf/lib\libsmallc.a(lib_a-int_errno.o)
                0x000000000002299c                errno
 *(.sbss2 .sbss2.* .gnu.linkonce.sb2.*)
 *(.scommon)
                [!provide]                        PROVIDE (__sbss_end, ABSOLUTE (.))
                [!provide]                        PROVIDE (___sbss_end, ABSOLUTE (.))
 *(.dynbss)
 *(.bss .bss.* .gnu.linkonce.b.*)
 .bss           0x00000000000229a0        0x0 ../rfid_test_bsp//obj/HAL/src/crt0.o
 .bss           0x00000000000229a0        0x0 obj/default/hello_world.o
 .bss           0x00000000000229a0        0x0 obj/default/helpers/commands/ack.o
 .bss           0x00000000000229a0        0x0 obj/default/helpers/commands/kill.o
 .bss           0x00000000000229a0        0x0 obj/default/helpers/commands/lock.o
 .bss           0x00000000000229a0        0x0 obj/default/helpers/commands/nak.o
 .bss           0x00000000000229a0        0x0 obj/default/helpers/commands/query.o
 .bss           0x00000000000229a0        0x0 obj/default/helpers/commands/query_adjust.o
 .bss           0x00000000000229a0        0x0 obj/default/helpers/commands/query_rep.o
 .bss           0x00000000000229a0        0x0 obj/default/helpers/commands/read.o
 .bss           0x00000000000229a0        0x0 obj/default/helpers/commands/req_rn.o
 .bss           0x00000000000229a0        0x0 obj/default/helpers/commands/rn16.o
 .bss           0x00000000000229a0        0x0 obj/default/helpers/commands/select.o
 .bss           0x00000000000229a0        0x0 obj/default/helpers/commands/write.o
 .bss           0x00000000000229a0        0x0 obj/default/helpers/crc.o
 .bss           0x00000000000229a0        0x0 c:/intelfpga_lite/18.1/nios2eds/bin/gnu/h-x86_64-mingw32/bin/../lib/gcc/nios2-elf/5.3.0\libgcc.a(lib2-divmod.o)
 .bss           0x00000000000229a0        0x0 ../rfid_test_bsp/\libhal_bsp.a(alt_load.o)
 .bss           0x00000000000229a0        0x0 ../rfid_test_bsp/\libhal_bsp.a(alt_main.o)
 .bss           0x00000000000229a0        0x0 ../rfid_test_bsp/\libhal_bsp.a(alt_sys_init.o)
 .bss           0x00000000000229a0        0x0 ../rfid_test_bsp/\libhal_bsp.a(altera_avalon_jtag_uart_fd.o)
 .bss           0x00000000000229a0        0x0 ../rfid_test_bsp/\libhal_bsp.a(altera_avalon_jtag_uart_read.o)
 .bss           0x00000000000229a0        0x0 ../rfid_test_bsp/\libhal_bsp.a(altera_avalon_jtag_uart_write.o)
 .bss           0x00000000000229a0        0x0 ../rfid_test_bsp/\libhal_bsp.a(alt_close.o)
 .bss           0x00000000000229a0        0x0 ../rfid_test_bsp/\libhal_bsp.a(alt_dcache_flush_all.o)
 .bss           0x00000000000229a0        0x0 ../rfid_test_bsp/\libhal_bsp.a(alt_dev.o)
 .bss           0x00000000000229a0        0x0 ../rfid_test_bsp/\libhal_bsp.a(alt_dev_llist_insert.o)
 .bss           0x00000000000229a0        0x0 ../rfid_test_bsp/\libhal_bsp.a(alt_do_ctors.o)
 .bss           0x00000000000229a0        0x0 ../rfid_test_bsp/\libhal_bsp.a(alt_do_dtors.o)
 .bss           0x00000000000229a0        0x0 ../rfid_test_bsp/\libhal_bsp.a(alt_errno.o)
 .bss           0x00000000000229a0        0x0 ../rfid_test_bsp/\libhal_bsp.a(alt_icache_flush_all.o)
 .bss           0x00000000000229a0        0x0 ../rfid_test_bsp/\libhal_bsp.a(alt_release_fd.o)
 .bss           0x00000000000229a0        0x0 ../rfid_test_bsp/\libhal_bsp.a(altera_nios2_gen2_irq.o)
 .bss           0x00000000000229a0        0x0 ../rfid_test_bsp/\libhal_bsp.a(alt_icache_flush.o)
 .bss           0x00000000000229a0        0x0 c:/intelfpga_lite/18.1/nios2eds/bin/gnu/h-x86_64-mingw32/bin/../lib/gcc/nios2-elf/5.3.0/../../../../../H-x86_64-mingw32/nios2-elf/lib\libsmallc.a(lib_a-atexit.o)
 .bss           0x00000000000229a0        0x0 c:/intelfpga_lite/18.1/nios2eds/bin/gnu/h-x86_64-mingw32/bin/../lib/gcc/nios2-elf/5.3.0/../../../../../H-x86_64-mingw32/nios2-elf/lib\libsmallc.a(lib_a-exit.o)
 .bss           0x00000000000229a0        0x0 c:/intelfpga_lite/18.1/nios2eds/bin/gnu/h-x86_64-mingw32/bin/../lib/gcc/nios2-elf/5.3.0/../../../../../H-x86_64-mingw32/nios2-elf/lib\libsmallc.a(lib_a-int_errno.o)
 .bss           0x00000000000229a0        0x0 c:/intelfpga_lite/18.1/nios2eds/bin/gnu/h-x86_64-mingw32/bin/../lib/gcc/nios2-elf/5.3.0/../../../../../H-x86_64-mingw32/nios2-elf/lib\libsmallc.a(lib_a-__atexit.o)
 .bss           0x00000000000229a0        0x0 c:/intelfpga_lite/18.1/nios2eds/bin/gnu/h-x86_64-mingw32/bin/../lib/gcc/nios2-elf/5.3.0/../../../../../H-x86_64-mingw32/nios2-elf/lib\libsmallc.a(lib_a-__call_atexit.o)
 .bss           0x00000000000229a0        0x0 c:/intelfpga_lite/18.1/nios2eds/bin/gnu/h-x86_64-mingw32/bin/../lib/gcc/nios2-elf/5.3.0/../../../../../H-x86_64-mingw32/nios2-elf/lib\libsmallc.a(lib_a-impure.o)
 .bss           0x00000000000229a0        0x0 ../rfid_test_bsp/\libhal_bsp.a(alt_exit.o)
 *(COMMON)
 COMMON         0x00000000000229a0        0xc obj/default/hello_world.o
                0x00000000000229a0                command_ack
 COMMON         0x00000000000229ac      0x200 obj/default/helpers/crc.o
                0x00000000000229ac                crc_table
                0x0000000000022bac                . = ALIGN (0x4)
                0x0000000000022bac                __bss_end = ABSOLUTE (.)

.onchip_memory2_0
                0x0000000000022bac        0x0
                [!provide]                        PROVIDE (_alt_partition_onchip_memory2_0_start, ABSOLUTE (.))
 *(.onchip_memory2_0 .onchip_memory2_0. onchip_memory2_0.*)
                0x0000000000022bac                . = ALIGN (0x4)
                [!provide]                        PROVIDE (_alt_partition_onchip_memory2_0_end, ABSOLUTE (.))
                0x0000000000022bac                _end = ABSOLUTE (.)
                0x0000000000022bac                end = ABSOLUTE (.)
                0x0000000000022bac                __alt_stack_base = ABSOLUTE (.)
                [!provide]                        PROVIDE (_alt_partition_onchip_memory2_0_load_addr, LOADADDR (.onchip_memory2_0))

.stab
 *(.stab)

.stabstr
 *(.stabstr)

.stab.excl
 *(.stab.excl)

.stab.exclstr
 *(.stab.exclstr)

.stab.index
 *(.stab.index)

.stab.indexstr
 *(.stab.indexstr)

.comment        0x0000000000000000       0x23
 *(.comment)
 .comment       0x0000000000000000       0x23 obj/default/hello_world.o
                                         0x24 (size before relaxing)
 .comment       0x0000000000000023       0x24 obj/default/helpers/commands/ack.o
 .comment       0x0000000000000023       0x24 obj/default/helpers/commands/kill.o
 .comment       0x0000000000000023       0x24 obj/default/helpers/commands/lock.o
 .comment       0x0000000000000023       0x24 obj/default/helpers/commands/nak.o
 .comment       0x0000000000000023       0x24 obj/default/helpers/commands/query.o
 .comment       0x0000000000000023       0x24 obj/default/helpers/commands/query_adjust.o
 .comment       0x0000000000000023       0x24 obj/default/helpers/commands/query_rep.o
 .comment       0x0000000000000023       0x24 obj/default/helpers/commands/read.o
 .comment       0x0000000000000023       0x24 obj/default/helpers/commands/req_rn.o
 .comment       0x0000000000000023       0x24 obj/default/helpers/commands/rn16.o
 .comment       0x0000000000000023       0x24 obj/default/helpers/commands/select.o
 .comment       0x0000000000000023       0x24 obj/default/helpers/commands/write.o
 .comment       0x0000000000000023       0x24 obj/default/helpers/crc.o
 .comment       0x0000000000000023       0x24 c:/intelfpga_lite/18.1/nios2eds/bin/gnu/h-x86_64-mingw32/bin/../lib/gcc/nios2-elf/5.3.0\libgcc.a(lib2-divmod.o)
 .comment       0x0000000000000023       0x24 ../rfid_test_bsp/\libhal_bsp.a(alt_load.o)
 .comment       0x0000000000000023       0x24 ../rfid_test_bsp/\libhal_bsp.a(alt_main.o)
 .comment       0x0000000000000023       0x24 ../rfid_test_bsp/\libhal_bsp.a(alt_sys_init.o)
 .comment       0x0000000000000023       0x24 ../rfid_test_bsp/\libhal_bsp.a(altera_avalon_jtag_uart_fd.o)
 .comment       0x0000000000000023       0x24 ../rfid_test_bsp/\libhal_bsp.a(altera_avalon_jtag_uart_read.o)
 .comment       0x0000000000000023       0x24 ../rfid_test_bsp/\libhal_bsp.a(altera_avalon_jtag_uart_write.o)
 .comment       0x0000000000000023       0x24 ../rfid_test_bsp/\libhal_bsp.a(alt_close.o)
 .comment       0x0000000000000023       0x24 ../rfid_test_bsp/\libhal_bsp.a(alt_dcache_flush_all.o)
 .comment       0x0000000000000023       0x24 ../rfid_test_bsp/\libhal_bsp.a(alt_dev.o)
 .comment       0x0000000000000023       0x24 ../rfid_test_bsp/\libhal_bsp.a(alt_dev_llist_insert.o)
 .comment       0x0000000000000023       0x24 ../rfid_test_bsp/\libhal_bsp.a(alt_do_ctors.o)
 .comment       0x0000000000000023       0x24 ../rfid_test_bsp/\libhal_bsp.a(alt_do_dtors.o)
 .comment       0x0000000000000023       0x24 ../rfid_test_bsp/\libhal_bsp.a(alt_errno.o)
 .comment       0x0000000000000023       0x24 ../rfid_test_bsp/\libhal_bsp.a(alt_icache_flush_all.o)
 .comment       0x0000000000000023       0x24 ../rfid_test_bsp/\libhal_bsp.a(alt_release_fd.o)
 .comment       0x0000000000000023       0x24 ../rfid_test_bsp/\libhal_bsp.a(altera_nios2_gen2_irq.o)
 .comment       0x0000000000000023       0x24 ../rfid_test_bsp/\libhal_bsp.a(alt_icache_flush.o)
 .comment       0x0000000000000023       0x24 c:/intelfpga_lite/18.1/nios2eds/bin/gnu/h-x86_64-mingw32/bin/../lib/gcc/nios2-elf/5.3.0/../../../../../H-x86_64-mingw32/nios2-elf/lib\libsmallc.a(lib_a-atexit.o)
 .comment       0x0000000000000023       0x24 c:/intelfpga_lite/18.1/nios2eds/bin/gnu/h-x86_64-mingw32/bin/../lib/gcc/nios2-elf/5.3.0/../../../../../H-x86_64-mingw32/nios2-elf/lib\libsmallc.a(lib_a-exit.o)
 .comment       0x0000000000000023       0x24 c:/intelfpga_lite/18.1/nios2eds/bin/gnu/h-x86_64-mingw32/bin/../lib/gcc/nios2-elf/5.3.0/../../../../../H-x86_64-mingw32/nios2-elf/lib\libsmallc.a(lib_a-int_errno.o)
 .comment       0x0000000000000023       0x24 c:/intelfpga_lite/18.1/nios2eds/bin/gnu/h-x86_64-mingw32/bin/../lib/gcc/nios2-elf/5.3.0/../../../../../H-x86_64-mingw32/nios2-elf/lib\libsmallc.a(lib_a-__atexit.o)
 .comment       0x0000000000000023       0x24 c:/intelfpga_lite/18.1/nios2eds/bin/gnu/h-x86_64-mingw32/bin/../lib/gcc/nios2-elf/5.3.0/../../../../../H-x86_64-mingw32/nios2-elf/lib\libsmallc.a(lib_a-__call_atexit.o)
 .comment       0x0000000000000023       0x24 c:/intelfpga_lite/18.1/nios2eds/bin/gnu/h-x86_64-mingw32/bin/../lib/gcc/nios2-elf/5.3.0/../../../../../H-x86_64-mingw32/nios2-elf/lib\libsmallc.a(lib_a-impure.o)
 .comment       0x0000000000000023       0x24 ../rfid_test_bsp/\libhal_bsp.a(alt_exit.o)

.debug
 *(.debug)

.line
 *(.line)

.debug_srcinfo
 *(.debug_srcinfo)

.debug_sfnames
 *(.debug_sfnames)

.debug_aranges  0x0000000000000000      0x4f0
 *(.debug_aranges)
 .debug_aranges
                0x0000000000000000       0x28 ../rfid_test_bsp//obj/HAL/src/crt0.o
 .debug_aranges
                0x0000000000000028       0x20 obj/default/hello_world.o
 .debug_aranges
                0x0000000000000048       0x20 obj/default/helpers/commands/ack.o
 .debug_aranges
                0x0000000000000068       0x20 obj/default/helpers/commands/kill.o
 .debug_aranges
                0x0000000000000088       0x20 obj/default/helpers/commands/lock.o
 .debug_aranges
                0x00000000000000a8       0x20 obj/default/helpers/commands/nak.o
 .debug_aranges
                0x00000000000000c8       0x20 obj/default/helpers/commands/query.o
 .debug_aranges
                0x00000000000000e8       0x20 obj/default/helpers/commands/query_adjust.o
 .debug_aranges
                0x0000000000000108       0x20 obj/default/helpers/commands/query_rep.o
 .debug_aranges
                0x0000000000000128       0x20 obj/default/helpers/commands/read.o
 .debug_aranges
                0x0000000000000148       0x20 obj/default/helpers/commands/req_rn.o
 .debug_aranges
                0x0000000000000168       0x20 obj/default/helpers/commands/rn16.o
 .debug_aranges
                0x0000000000000188       0x20 obj/default/helpers/commands/select.o
 .debug_aranges
                0x00000000000001a8       0x20 obj/default/helpers/commands/write.o
 .debug_aranges
                0x00000000000001c8       0x20 obj/default/helpers/crc.o
 .debug_aranges
                0x00000000000001e8       0x20 c:/intelfpga_lite/18.1/nios2eds/bin/gnu/h-x86_64-mingw32/bin/../lib/gcc/nios2-elf/5.3.0\libgcc.a(lib2-divmod.o)
 .debug_aranges
                0x0000000000000208       0x20 ../rfid_test_bsp/\libhal_bsp.a(alt_load.o)
 .debug_aranges
                0x0000000000000228       0x20 ../rfid_test_bsp/\libhal_bsp.a(alt_main.o)
 .debug_aranges
                0x0000000000000248       0x20 ../rfid_test_bsp/\libhal_bsp.a(alt_sys_init.o)
 .debug_aranges
                0x0000000000000268       0x20 ../rfid_test_bsp/\libhal_bsp.a(altera_avalon_jtag_uart_fd.o)
 .debug_aranges
                0x0000000000000288       0x20 ../rfid_test_bsp/\libhal_bsp.a(altera_avalon_jtag_uart_read.o)
 .debug_aranges
                0x00000000000002a8       0x20 ../rfid_test_bsp/\libhal_bsp.a(altera_avalon_jtag_uart_write.o)
 .debug_aranges
                0x00000000000002c8       0x20 ../rfid_test_bsp/\libhal_bsp.a(alt_close.o)
 .debug_aranges
                0x00000000000002e8       0x20 ../rfid_test_bsp/\libhal_bsp.a(alt_dcache_flush_all.o)
 .debug_aranges
                0x0000000000000308       0x20 ../rfid_test_bsp/\libhal_bsp.a(alt_dev.o)
 .debug_aranges
                0x0000000000000328       0x20 ../rfid_test_bsp/\libhal_bsp.a(alt_dev_llist_insert.o)
 .debug_aranges
                0x0000000000000348       0x20 ../rfid_test_bsp/\libhal_bsp.a(alt_do_ctors.o)
 .debug_aranges
                0x0000000000000368       0x20 ../rfid_test_bsp/\libhal_bsp.a(alt_do_dtors.o)
 .debug_aranges
                0x0000000000000388       0x18 ../rfid_test_bsp/\libhal_bsp.a(alt_errno.o)
 .debug_aranges
                0x00000000000003a0       0x20 ../rfid_test_bsp/\libhal_bsp.a(alt_icache_flush_all.o)
 .debug_aranges
                0x00000000000003c0       0x20 ../rfid_test_bsp/\libhal_bsp.a(alt_release_fd.o)
 .debug_aranges
                0x00000000000003e0       0x20 ../rfid_test_bsp/\libhal_bsp.a(altera_nios2_gen2_irq.o)
 .debug_aranges
                0x0000000000000400       0x20 ../rfid_test_bsp/\libhal_bsp.a(alt_icache_flush.o)
 .debug_aranges
                0x0000000000000420       0x20 c:/intelfpga_lite/18.1/nios2eds/bin/gnu/h-x86_64-mingw32/bin/../lib/gcc/nios2-elf/5.3.0/../../../../../H-x86_64-mingw32/nios2-elf/lib\libsmallc.a(lib_a-atexit.o)
 .debug_aranges
                0x0000000000000440       0x20 c:/intelfpga_lite/18.1/nios2eds/bin/gnu/h-x86_64-mingw32/bin/../lib/gcc/nios2-elf/5.3.0/../../../../../H-x86_64-mingw32/nios2-elf/lib\libsmallc.a(lib_a-exit.o)
 .debug_aranges
                0x0000000000000460       0x18 c:/intelfpga_lite/18.1/nios2eds/bin/gnu/h-x86_64-mingw32/bin/../lib/gcc/nios2-elf/5.3.0/../../../../../H-x86_64-mingw32/nios2-elf/lib\libsmallc.a(lib_a-int_errno.o)
 .debug_aranges
                0x0000000000000478       0x20 c:/intelfpga_lite/18.1/nios2eds/bin/gnu/h-x86_64-mingw32/bin/../lib/gcc/nios2-elf/5.3.0/../../../../../H-x86_64-mingw32/nios2-elf/lib\libsmallc.a(lib_a-__atexit.o)
 .debug_aranges
                0x0000000000000498       0x20 c:/intelfpga_lite/18.1/nios2eds/bin/gnu/h-x86_64-mingw32/bin/../lib/gcc/nios2-elf/5.3.0/../../../../../H-x86_64-mingw32/nios2-elf/lib\libsmallc.a(lib_a-__call_atexit.o)
 .debug_aranges
                0x00000000000004b8       0x18 c:/intelfpga_lite/18.1/nios2eds/bin/gnu/h-x86_64-mingw32/bin/../lib/gcc/nios2-elf/5.3.0/../../../../../H-x86_64-mingw32/nios2-elf/lib\libsmallc.a(lib_a-impure.o)
 .debug_aranges
                0x00000000000004d0       0x20 ../rfid_test_bsp/\libhal_bsp.a(alt_exit.o)

.debug_pubnames
 *(.debug_pubnames)

.debug_info     0x0000000000000000     0x481a
 *(.debug_info .gnu.linkonce.wi.*)
 .debug_info    0x0000000000000000       0xb3 ../rfid_test_bsp//obj/HAL/src/crt0.o
 .debug_info    0x00000000000000b3      0x201 obj/default/hello_world.o
 .debug_info    0x00000000000002b4      0x123 obj/default/helpers/commands/ack.o
 .debug_info    0x00000000000003d7      0x12a obj/default/helpers/commands/kill.o
 .debug_info    0x0000000000000501      0x110 obj/default/helpers/commands/lock.o
 .debug_info    0x0000000000000611      0x104 obj/default/helpers/commands/nak.o
 .debug_info    0x0000000000000715      0x1ed obj/default/helpers/commands/query.o
 .debug_info    0x0000000000000902       0xf9 obj/default/helpers/commands/query_adjust.o
 .debug_info    0x00000000000009fb       0xd0 obj/default/helpers/commands/query_rep.o
 .debug_info    0x0000000000000acb      0x144 obj/default/helpers/commands/read.o
 .debug_info    0x0000000000000c0f      0x13c obj/default/helpers/commands/req_rn.o
 .debug_info    0x0000000000000d4b       0x49 obj/default/helpers/commands/rn16.o
 .debug_info    0x0000000000000d94      0x194 obj/default/helpers/commands/select.o
 .debug_info    0x0000000000000f28      0x144 obj/default/helpers/commands/write.o
 .debug_info    0x000000000000106c      0x18d obj/default/helpers/crc.o
 .debug_info    0x00000000000011f9      0x2c6 c:/intelfpga_lite/18.1/nios2eds/bin/gnu/h-x86_64-mingw32/bin/../lib/gcc/nios2-elf/5.3.0\libgcc.a(lib2-divmod.o)
 .debug_info    0x00000000000014bf      0x145 ../rfid_test_bsp/\libhal_bsp.a(alt_load.o)
 .debug_info    0x0000000000001604      0x131 ../rfid_test_bsp/\libhal_bsp.a(alt_main.o)
 .debug_info    0x0000000000001735      0x3c9 ../rfid_test_bsp/\libhal_bsp.a(alt_sys_init.o)
 .debug_info    0x0000000000001afe      0x3a7 ../rfid_test_bsp/\libhal_bsp.a(altera_avalon_jtag_uart_fd.o)
 .debug_info    0x0000000000001ea5      0x1b2 ../rfid_test_bsp/\libhal_bsp.a(altera_avalon_jtag_uart_read.o)
 .debug_info    0x0000000000002057      0x195 ../rfid_test_bsp/\libhal_bsp.a(altera_avalon_jtag_uart_write.o)
 .debug_info    0x00000000000021ec      0x321 ../rfid_test_bsp/\libhal_bsp.a(alt_close.o)
 .debug_info    0x000000000000250d       0xa5 ../rfid_test_bsp/\libhal_bsp.a(alt_dcache_flush_all.o)
 .debug_info    0x00000000000025b2      0x49c ../rfid_test_bsp/\libhal_bsp.a(alt_dev.o)
 .debug_info    0x0000000000002a4e      0x1a9 ../rfid_test_bsp/\libhal_bsp.a(alt_dev_llist_insert.o)
 .debug_info    0x0000000000002bf7       0x83 ../rfid_test_bsp/\libhal_bsp.a(alt_do_ctors.o)
 .debug_info    0x0000000000002c7a       0x83 ../rfid_test_bsp/\libhal_bsp.a(alt_do_dtors.o)
 .debug_info    0x0000000000002cfd       0xa6 ../rfid_test_bsp/\libhal_bsp.a(alt_errno.o)
 .debug_info    0x0000000000002da3       0x92 ../rfid_test_bsp/\libhal_bsp.a(alt_icache_flush_all.o)
 .debug_info    0x0000000000002e35      0x2b0 ../rfid_test_bsp/\libhal_bsp.a(alt_release_fd.o)
 .debug_info    0x00000000000030e5       0x92 ../rfid_test_bsp/\libhal_bsp.a(altera_nios2_gen2_irq.o)
 .debug_info    0x0000000000003177       0xdc ../rfid_test_bsp/\libhal_bsp.a(alt_icache_flush.o)
 .debug_info    0x0000000000003253       0xfe c:/intelfpga_lite/18.1/nios2eds/bin/gnu/h-x86_64-mingw32/bin/../lib/gcc/nios2-elf/5.3.0/../../../../../H-x86_64-mingw32/nios2-elf/lib\libsmallc.a(lib_a-atexit.o)
 .debug_info    0x0000000000003351       0xe5 c:/intelfpga_lite/18.1/nios2eds/bin/gnu/h-x86_64-mingw32/bin/../lib/gcc/nios2-elf/5.3.0/../../../../../H-x86_64-mingw32/nios2-elf/lib\libsmallc.a(lib_a-exit.o)
 .debug_info    0x0000000000003436       0x8a c:/intelfpga_lite/18.1/nios2eds/bin/gnu/h-x86_64-mingw32/bin/../lib/gcc/nios2-elf/5.3.0/../../../../../H-x86_64-mingw32/nios2-elf/lib\libsmallc.a(lib_a-int_errno.o)
 .debug_info    0x00000000000034c0      0x64a c:/intelfpga_lite/18.1/nios2eds/bin/gnu/h-x86_64-mingw32/bin/../lib/gcc/nios2-elf/5.3.0/../../../../../H-x86_64-mingw32/nios2-elf/lib\libsmallc.a(lib_a-__atexit.o)
 .debug_info    0x0000000000003b0a      0x67b c:/intelfpga_lite/18.1/nios2eds/bin/gnu/h-x86_64-mingw32/bin/../lib/gcc/nios2-elf/5.3.0/../../../../../H-x86_64-mingw32/nios2-elf/lib\libsmallc.a(lib_a-__call_atexit.o)
 .debug_info    0x0000000000004185      0x5a9 c:/intelfpga_lite/18.1/nios2eds/bin/gnu/h-x86_64-mingw32/bin/../lib/gcc/nios2-elf/5.3.0/../../../../../H-x86_64-mingw32/nios2-elf/lib\libsmallc.a(lib_a-impure.o)
 .debug_info    0x000000000000472e       0xec ../rfid_test_bsp/\libhal_bsp.a(alt_exit.o)

.debug_abbrev   0x0000000000000000     0x1e50
 *(.debug_abbrev)
 .debug_abbrev  0x0000000000000000       0x12 ../rfid_test_bsp//obj/HAL/src/crt0.o
 .debug_abbrev  0x0000000000000012      0x116 obj/default/hello_world.o
 .debug_abbrev  0x0000000000000128       0xbf obj/default/helpers/commands/ack.o
 .debug_abbrev  0x00000000000001e7       0xb0 obj/default/helpers/commands/kill.o
 .debug_abbrev  0x0000000000000297       0xb0 obj/default/helpers/commands/lock.o
 .debug_abbrev  0x0000000000000347       0xb0 obj/default/helpers/commands/nak.o
 .debug_abbrev  0x00000000000003f7       0xf7 obj/default/helpers/commands/query.o
 .debug_abbrev  0x00000000000004ee       0xa1 obj/default/helpers/commands/query_adjust.o
 .debug_abbrev  0x000000000000058f       0x92 obj/default/helpers/commands/query_rep.o
 .debug_abbrev  0x0000000000000621       0xb0 obj/default/helpers/commands/read.o
 .debug_abbrev  0x00000000000006d1       0xe8 obj/default/helpers/commands/req_rn.o
 .debug_abbrev  0x00000000000007b9       0x39 obj/default/helpers/commands/rn16.o
 .debug_abbrev  0x00000000000007f2       0xb0 obj/default/helpers/commands/select.o
 .debug_abbrev  0x00000000000008a2       0xb0 obj/default/helpers/commands/write.o
 .debug_abbrev  0x0000000000000952       0xc4 obj/default/helpers/crc.o
 .debug_abbrev  0x0000000000000a16      0x10e c:/intelfpga_lite/18.1/nios2eds/bin/gnu/h-x86_64-mingw32/bin/../lib/gcc/nios2-elf/5.3.0\libgcc.a(lib2-divmod.o)
 .debug_abbrev  0x0000000000000b24       0x9f ../rfid_test_bsp/\libhal_bsp.a(alt_load.o)
 .debug_abbrev  0x0000000000000bc3       0xba ../rfid_test_bsp/\libhal_bsp.a(alt_main.o)
 .debug_abbrev  0x0000000000000c7d      0x157 ../rfid_test_bsp/\libhal_bsp.a(alt_sys_init.o)
 .debug_abbrev  0x0000000000000dd4       0xf7 ../rfid_test_bsp/\libhal_bsp.a(altera_avalon_jtag_uart_fd.o)
 .debug_abbrev  0x0000000000000ecb       0xd5 ../rfid_test_bsp/\libhal_bsp.a(altera_avalon_jtag_uart_read.o)
 .debug_abbrev  0x0000000000000fa0       0xd5 ../rfid_test_bsp/\libhal_bsp.a(altera_avalon_jtag_uart_write.o)
 .debug_abbrev  0x0000000000001075      0x11f ../rfid_test_bsp/\libhal_bsp.a(alt_close.o)
 .debug_abbrev  0x0000000000001194       0x5a ../rfid_test_bsp/\libhal_bsp.a(alt_dcache_flush_all.o)
 .debug_abbrev  0x00000000000011ee       0xd9 ../rfid_test_bsp/\libhal_bsp.a(alt_dev.o)
 .debug_abbrev  0x00000000000012c7      0x114 ../rfid_test_bsp/\libhal_bsp.a(alt_dev_llist_insert.o)
 .debug_abbrev  0x00000000000013db       0x79 ../rfid_test_bsp/\libhal_bsp.a(alt_do_ctors.o)
 .debug_abbrev  0x0000000000001454       0x79 ../rfid_test_bsp/\libhal_bsp.a(alt_do_dtors.o)
 .debug_abbrev  0x00000000000014cd       0x5a ../rfid_test_bsp/\libhal_bsp.a(alt_errno.o)
 .debug_abbrev  0x0000000000001527       0x42 ../rfid_test_bsp/\libhal_bsp.a(alt_icache_flush_all.o)
 .debug_abbrev  0x0000000000001569       0xde ../rfid_test_bsp/\libhal_bsp.a(alt_release_fd.o)
 .debug_abbrev  0x0000000000001647       0x42 ../rfid_test_bsp/\libhal_bsp.a(altera_nios2_gen2_irq.o)
 .debug_abbrev  0x0000000000001689       0x8c ../rfid_test_bsp/\libhal_bsp.a(alt_icache_flush.o)
 .debug_abbrev  0x0000000000001715       0xaa c:/intelfpga_lite/18.1/nios2eds/bin/gnu/h-x86_64-mingw32/bin/../lib/gcc/nios2-elf/5.3.0/../../../../../H-x86_64-mingw32/nios2-elf/lib\libsmallc.a(lib_a-atexit.o)
 .debug_abbrev  0x00000000000017bf       0x8b c:/intelfpga_lite/18.1/nios2eds/bin/gnu/h-x86_64-mingw32/bin/../lib/gcc/nios2-elf/5.3.0/../../../../../H-x86_64-mingw32/nios2-elf/lib\libsmallc.a(lib_a-exit.o)
 .debug_abbrev  0x000000000000184a       0x37 c:/intelfpga_lite/18.1/nios2eds/bin/gnu/h-x86_64-mingw32/bin/../lib/gcc/nios2-elf/5.3.0/../../../../../H-x86_64-mingw32/nios2-elf/lib\libsmallc.a(lib_a-int_errno.o)
 .debug_abbrev  0x0000000000001881      0x1e6 c:/intelfpga_lite/18.1/nios2eds/bin/gnu/h-x86_64-mingw32/bin/../lib/gcc/nios2-elf/5.3.0/../../../../../H-x86_64-mingw32/nios2-elf/lib\libsmallc.a(lib_a-__atexit.o)
 .debug_abbrev  0x0000000000001a67      0x1f6 c:/intelfpga_lite/18.1/nios2eds/bin/gnu/h-x86_64-mingw32/bin/../lib/gcc/nios2-elf/5.3.0/../../../../../H-x86_64-mingw32/nios2-elf/lib\libsmallc.a(lib_a-__call_atexit.o)
 .debug_abbrev  0x0000000000001c5d      0x14a c:/intelfpga_lite/18.1/nios2eds/bin/gnu/h-x86_64-mingw32/bin/../lib/gcc/nios2-elf/5.3.0/../../../../../H-x86_64-mingw32/nios2-elf/lib\libsmallc.a(lib_a-impure.o)
 .debug_abbrev  0x0000000000001da7       0xa9 ../rfid_test_bsp/\libhal_bsp.a(alt_exit.o)

.debug_line     0x0000000000000000     0x1cfd
 *(.debug_line)
 .debug_line    0x0000000000000000       0x5c ../rfid_test_bsp//obj/HAL/src/crt0.o
 .debug_line    0x000000000000005c      0x179 obj/default/hello_world.o
 .debug_line    0x00000000000001d5       0x65 obj/default/helpers/commands/ack.o
 .debug_line    0x000000000000023a       0x6a obj/default/helpers/commands/kill.o
 .debug_line    0x00000000000002a4       0x66 obj/default/helpers/commands/lock.o
 .debug_line    0x000000000000030a       0x5e obj/default/helpers/commands/nak.o
 .debug_line    0x0000000000000368       0x8e obj/default/helpers/commands/query.o
 .debug_line    0x00000000000003f6       0x71 obj/default/helpers/commands/query_adjust.o
 .debug_line    0x0000000000000467       0x67 obj/default/helpers/commands/query_rep.o
 .debug_line    0x00000000000004ce       0x6e obj/default/helpers/commands/read.o
 .debug_line    0x000000000000053c       0x82 obj/default/helpers/commands/req_rn.o
 .debug_line    0x00000000000005be       0x47 obj/default/helpers/commands/rn16.o
 .debug_line    0x0000000000000605       0x7e obj/default/helpers/commands/select.o
 .debug_line    0x0000000000000683       0x70 obj/default/helpers/commands/write.o
 .debug_line    0x00000000000006f3       0xbd obj/default/helpers/crc.o
 .debug_line    0x00000000000007b0      0x102 c:/intelfpga_lite/18.1/nios2eds/bin/gnu/h-x86_64-mingw32/bin/../lib/gcc/nios2-elf/5.3.0\libgcc.a(lib2-divmod.o)
 .debug_line    0x00000000000008b2       0x8e ../rfid_test_bsp/\libhal_bsp.a(alt_load.o)
 .debug_line    0x0000000000000940       0xa0 ../rfid_test_bsp/\libhal_bsp.a(alt_main.o)
 .debug_line    0x00000000000009e0      0x127 ../rfid_test_bsp/\libhal_bsp.a(alt_sys_init.o)
 .debug_line    0x0000000000000b07      0x112 ../rfid_test_bsp/\libhal_bsp.a(altera_avalon_jtag_uart_fd.o)
 .debug_line    0x0000000000000c19       0xfd ../rfid_test_bsp/\libhal_bsp.a(altera_avalon_jtag_uart_read.o)
 .debug_line    0x0000000000000d16       0xf4 ../rfid_test_bsp/\libhal_bsp.a(altera_avalon_jtag_uart_write.o)
 .debug_line    0x0000000000000e0a      0x165 ../rfid_test_bsp/\libhal_bsp.a(alt_close.o)
 .debug_line    0x0000000000000f6f       0x61 ../rfid_test_bsp/\libhal_bsp.a(alt_dcache_flush_all.o)
 .debug_line    0x0000000000000fd0       0xf8 ../rfid_test_bsp/\libhal_bsp.a(alt_dev.o)
 .debug_line    0x00000000000010c8       0xcf ../rfid_test_bsp/\libhal_bsp.a(alt_dev_llist_insert.o)
 .debug_line    0x0000000000001197       0x59 ../rfid_test_bsp/\libhal_bsp.a(alt_do_ctors.o)
 .debug_line    0x00000000000011f0       0x59 ../rfid_test_bsp/\libhal_bsp.a(alt_do_dtors.o)
 .debug_line    0x0000000000001249       0x51 ../rfid_test_bsp/\libhal_bsp.a(alt_errno.o)
 .debug_line    0x000000000000129a       0x50 ../rfid_test_bsp/\libhal_bsp.a(alt_icache_flush_all.o)
 .debug_line    0x00000000000012ea       0xae ../rfid_test_bsp/\libhal_bsp.a(alt_release_fd.o)
 .debug_line    0x0000000000001398       0x51 ../rfid_test_bsp/\libhal_bsp.a(altera_nios2_gen2_irq.o)
 .debug_line    0x00000000000013e9       0x81 ../rfid_test_bsp/\libhal_bsp.a(alt_icache_flush.o)
 .debug_line    0x000000000000146a       0xe4 c:/intelfpga_lite/18.1/nios2eds/bin/gnu/h-x86_64-mingw32/bin/../lib/gcc/nios2-elf/5.3.0/../../../../../H-x86_64-mingw32/nios2-elf/lib\libsmallc.a(lib_a-atexit.o)
 .debug_line    0x000000000000154e      0x156 c:/intelfpga_lite/18.1/nios2eds/bin/gnu/h-x86_64-mingw32/bin/../lib/gcc/nios2-elf/5.3.0/../../../../../H-x86_64-mingw32/nios2-elf/lib\libsmallc.a(lib_a-exit.o)
 .debug_line    0x00000000000016a4       0x5c c:/intelfpga_lite/18.1/nios2eds/bin/gnu/h-x86_64-mingw32/bin/../lib/gcc/nios2-elf/5.3.0/../../../../../H-x86_64-mingw32/nios2-elf/lib\libsmallc.a(lib_a-int_errno.o)
 .debug_line    0x0000000000001700      0x20a c:/intelfpga_lite/18.1/nios2eds/bin/gnu/h-x86_64-mingw32/bin/../lib/gcc/nios2-elf/5.3.0/../../../../../H-x86_64-mingw32/nios2-elf/lib\libsmallc.a(lib_a-__atexit.o)
 .debug_line    0x000000000000190a      0x22f c:/intelfpga_lite/18.1/nios2eds/bin/gnu/h-x86_64-mingw32/bin/../lib/gcc/nios2-elf/5.3.0/../../../../../H-x86_64-mingw32/nios2-elf/lib\libsmallc.a(lib_a-__call_atexit.o)
 .debug_line    0x0000000000001b39      0x153 c:/intelfpga_lite/18.1/nios2eds/bin/gnu/h-x86_64-mingw32/bin/../lib/gcc/nios2-elf/5.3.0/../../../../../H-x86_64-mingw32/nios2-elf/lib\libsmallc.a(lib_a-impure.o)
 .debug_line    0x0000000000001c8c       0x71 ../rfid_test_bsp/\libhal_bsp.a(alt_exit.o)

.debug_frame    0x0000000000000000      0xb90
 *(.debug_frame)
 .debug_frame   0x0000000000000000       0xa8 obj/default/hello_world.o
 .debug_frame   0x00000000000000a8       0x7c obj/default/helpers/commands/ack.o
 .debug_frame   0x0000000000000124       0x58 obj/default/helpers/commands/kill.o
 .debug_frame   0x000000000000017c       0x58 obj/default/helpers/commands/lock.o
 .debug_frame   0x00000000000001d4       0x7c obj/default/helpers/commands/nak.o
 .debug_frame   0x0000000000000250       0x84 obj/default/helpers/commands/query.o
 .debug_frame   0x00000000000002d4       0x58 obj/default/helpers/commands/query_adjust.o
 .debug_frame   0x000000000000032c       0x58 obj/default/helpers/commands/query_rep.o
 .debug_frame   0x0000000000000384       0x58 obj/default/helpers/commands/read.o
 .debug_frame   0x00000000000003dc       0xb0 obj/default/helpers/commands/req_rn.o
 .debug_frame   0x000000000000048c       0x34 obj/default/helpers/commands/rn16.o
 .debug_frame   0x00000000000004c0       0x58 obj/default/helpers/commands/select.o
 .debug_frame   0x0000000000000518       0x58 obj/default/helpers/commands/write.o
 .debug_frame   0x0000000000000570       0x7c obj/default/helpers/crc.o
 .debug_frame   0x00000000000005ec       0x50 c:/intelfpga_lite/18.1/nios2eds/bin/gnu/h-x86_64-mingw32/bin/../lib/gcc/nios2-elf/5.3.0\libgcc.a(lib2-divmod.o)
 .debug_frame   0x000000000000063c       0x5c ../rfid_test_bsp/\libhal_bsp.a(alt_load.o)
 .debug_frame   0x0000000000000698       0x2c ../rfid_test_bsp/\libhal_bsp.a(alt_main.o)
 .debug_frame   0x00000000000006c4       0x88 ../rfid_test_bsp/\libhal_bsp.a(alt_sys_init.o)
 .debug_frame   0x000000000000074c       0x60 ../rfid_test_bsp/\libhal_bsp.a(altera_avalon_jtag_uart_fd.o)
 .debug_frame   0x00000000000007ac       0x34 ../rfid_test_bsp/\libhal_bsp.a(altera_avalon_jtag_uart_read.o)
 .debug_frame   0x00000000000007e0       0x34 ../rfid_test_bsp/\libhal_bsp.a(altera_avalon_jtag_uart_write.o)
 .debug_frame   0x0000000000000814       0x60 ../rfid_test_bsp/\libhal_bsp.a(alt_close.o)
 .debug_frame   0x0000000000000874       0x34 ../rfid_test_bsp/\libhal_bsp.a(alt_dcache_flush_all.o)
 .debug_frame   0x00000000000008a8       0x34 ../rfid_test_bsp/\libhal_bsp.a(alt_dev.o)
 .debug_frame   0x00000000000008dc       0x60 ../rfid_test_bsp/\libhal_bsp.a(alt_dev_llist_insert.o)
 .debug_frame   0x000000000000093c       0x38 ../rfid_test_bsp/\libhal_bsp.a(alt_do_ctors.o)
 .debug_frame   0x0000000000000974       0x38 ../rfid_test_bsp/\libhal_bsp.a(alt_do_dtors.o)
 .debug_frame   0x00000000000009ac       0x38 ../rfid_test_bsp/\libhal_bsp.a(alt_icache_flush_all.o)
 .debug_frame   0x00000000000009e4       0x34 ../rfid_test_bsp/\libhal_bsp.a(alt_release_fd.o)
 .debug_frame   0x0000000000000a18       0x34 ../rfid_test_bsp/\libhal_bsp.a(altera_nios2_gen2_irq.o)
 .debug_frame   0x0000000000000a4c       0x34 ../rfid_test_bsp/\libhal_bsp.a(alt_icache_flush.o)
 .debug_frame   0x0000000000000a80       0x20 c:/intelfpga_lite/18.1/nios2eds/bin/gnu/h-x86_64-mingw32/bin/../lib/gcc/nios2-elf/5.3.0/../../../../../H-x86_64-mingw32/nios2-elf/lib\libsmallc.a(lib_a-atexit.o)
 .debug_frame   0x0000000000000aa0       0x28 c:/intelfpga_lite/18.1/nios2eds/bin/gnu/h-x86_64-mingw32/bin/../lib/gcc/nios2-elf/5.3.0/../../../../../H-x86_64-mingw32/nios2-elf/lib\libsmallc.a(lib_a-exit.o)
 .debug_frame   0x0000000000000ac8       0x48 c:/intelfpga_lite/18.1/nios2eds/bin/gnu/h-x86_64-mingw32/bin/../lib/gcc/nios2-elf/5.3.0/../../../../../H-x86_64-mingw32/nios2-elf/lib\libsmallc.a(lib_a-__atexit.o)
 .debug_frame   0x0000000000000b10       0x54 c:/intelfpga_lite/18.1/nios2eds/bin/gnu/h-x86_64-mingw32/bin/../lib/gcc/nios2-elf/5.3.0/../../../../../H-x86_64-mingw32/nios2-elf/lib\libsmallc.a(lib_a-__call_atexit.o)
 .debug_frame   0x0000000000000b64       0x2c ../rfid_test_bsp/\libhal_bsp.a(alt_exit.o)

.debug_str      0x0000000000000000     0x150b
 *(.debug_str)
 .debug_str     0x0000000000000000      0x1d4 obj/default/hello_world.o
                                        0x237 (size before relaxing)
 .debug_str     0x00000000000001d4       0x44 obj/default/helpers/commands/ack.o
                                        0x15e (size before relaxing)
 .debug_str     0x0000000000000218       0x3b obj/default/helpers/commands/kill.o
                                        0x155 (size before relaxing)
 .debug_str     0x0000000000000253       0x35 obj/default/helpers/commands/lock.o
                                        0x154 (size before relaxing)
 .debug_str     0x0000000000000288       0x37 obj/default/helpers/commands/nak.o
                                        0x150 (size before relaxing)
 .debug_str     0x00000000000002bf       0x5f obj/default/helpers/commands/query.o
                                        0x186 (size before relaxing)
 .debug_str     0x000000000000031e       0x59 obj/default/helpers/commands/query_adjust.o
                                        0x156 (size before relaxing)
 .debug_str     0x0000000000000377       0x46 obj/default/helpers/commands/query_rep.o
                                        0x143 (size before relaxing)
 .debug_str     0x00000000000003bd       0x4a obj/default/helpers/commands/read.o
                                        0x169 (size before relaxing)
 .debug_str     0x0000000000000407       0x4a obj/default/helpers/commands/req_rn.o
                                        0x176 (size before relaxing)
 .debug_str     0x0000000000000451       0x26 obj/default/helpers/commands/rn16.o
                                        0x107 (size before relaxing)
 .debug_str     0x0000000000000477       0x69 obj/default/helpers/commands/select.o
                                        0x193 (size before relaxing)
 .debug_str     0x00000000000004e0       0x30 obj/default/helpers/commands/write.o
                                        0x167 (size before relaxing)
 .debug_str     0x0000000000000510       0x75 obj/default/helpers/crc.o
                                        0x177 (size before relaxing)
 .debug_str     0x0000000000000585      0x16d c:/intelfpga_lite/18.1/nios2eds/bin/gnu/h-x86_64-mingw32/bin/../lib/gcc/nios2-elf/5.3.0\libgcc.a(lib2-divmod.o)
                                        0x1b8 (size before relaxing)
 .debug_str     0x00000000000006f2      0x149 ../rfid_test_bsp/\libhal_bsp.a(alt_load.o)
                                        0x22d (size before relaxing)
 .debug_str     0x000000000000083b       0xef ../rfid_test_bsp/\libhal_bsp.a(alt_main.o)
                                        0x1df (size before relaxing)
 .debug_str     0x000000000000092a      0x157 ../rfid_test_bsp/\libhal_bsp.a(alt_sys_init.o)
                                        0x316 (size before relaxing)
 .debug_str     0x0000000000000a81       0x77 ../rfid_test_bsp/\libhal_bsp.a(altera_avalon_jtag_uart_fd.o)
                                        0x317 (size before relaxing)
 .debug_str     0x0000000000000af8       0x48 ../rfid_test_bsp/\libhal_bsp.a(altera_avalon_jtag_uart_read.o)
                                        0x261 (size before relaxing)
 .debug_str     0x0000000000000b40       0x4a ../rfid_test_bsp/\libhal_bsp.a(altera_avalon_jtag_uart_write.o)
                                        0x257 (size before relaxing)
 .debug_str     0x0000000000000b8a       0x44 ../rfid_test_bsp/\libhal_bsp.a(alt_close.o)
                                        0x24d (size before relaxing)
 .debug_str     0x0000000000000bce       0x34 ../rfid_test_bsp/\libhal_bsp.a(alt_dcache_flush_all.o)
                                        0x197 (size before relaxing)
 .debug_str     0x0000000000000c02      0x120 ../rfid_test_bsp/\libhal_bsp.a(alt_dev.o)
                                        0x347 (size before relaxing)
 .debug_str     0x0000000000000d22       0x4b ../rfid_test_bsp/\libhal_bsp.a(alt_dev_llist_insert.o)
                                        0x1e7 (size before relaxing)
 .debug_str     0x0000000000000d6d       0x48 ../rfid_test_bsp/\libhal_bsp.a(alt_do_ctors.o)
                                         0xeb (size before relaxing)
 .debug_str     0x0000000000000db5       0x4c ../rfid_test_bsp/\libhal_bsp.a(alt_do_dtors.o)
                                         0xea (size before relaxing)
 .debug_str     0x0000000000000e01       0x14 ../rfid_test_bsp/\libhal_bsp.a(alt_errno.o)
                                        0x160 (size before relaxing)
 .debug_str     0x0000000000000e15       0x34 ../rfid_test_bsp/\libhal_bsp.a(alt_icache_flush_all.o)
                                        0x197 (size before relaxing)
 .debug_str     0x0000000000000e49       0x28 ../rfid_test_bsp/\libhal_bsp.a(alt_release_fd.o)
                                        0x215 (size before relaxing)
 .debug_str     0x0000000000000e71       0x3b ../rfid_test_bsp/\libhal_bsp.a(altera_nios2_gen2_irq.o)
                                        0x19e (size before relaxing)
 .debug_str     0x0000000000000eac       0x2c ../rfid_test_bsp/\libhal_bsp.a(alt_icache_flush.o)
                                        0x19d (size before relaxing)
 .debug_str     0x0000000000000ed8      0x15d c:/intelfpga_lite/18.1/nios2eds/bin/gnu/h-x86_64-mingw32/bin/../lib/gcc/nios2-elf/5.3.0/../../../../../H-x86_64-mingw32/nios2-elf/lib\libsmallc.a(lib_a-atexit.o)
                                        0x202 (size before relaxing)
 .debug_str     0x0000000000001035       0x4f c:/intelfpga_lite/18.1/nios2eds/bin/gnu/h-x86_64-mingw32/bin/../lib/gcc/nios2-elf/5.3.0/../../../../../H-x86_64-mingw32/nios2-elf/lib\libsmallc.a(lib_a-exit.o)
                                        0x1d6 (size before relaxing)
 .debug_str     0x0000000000001084       0xc5 c:/intelfpga_lite/18.1/nios2eds/bin/gnu/h-x86_64-mingw32/bin/../lib/gcc/nios2-elf/5.3.0/../../../../../H-x86_64-mingw32/nios2-elf/lib\libsmallc.a(lib_a-int_errno.o)
                                        0x1be (size before relaxing)
 .debug_str     0x0000000000001149      0x2f1 c:/intelfpga_lite/18.1/nios2eds/bin/gnu/h-x86_64-mingw32/bin/../lib/gcc/nios2-elf/5.3.0/../../../../../H-x86_64-mingw32/nios2-elf/lib\libsmallc.a(lib_a-__atexit.o)
                                        0x4e5 (size before relaxing)
 .debug_str     0x000000000000143a       0x62 c:/intelfpga_lite/18.1/nios2eds/bin/gnu/h-x86_64-mingw32/bin/../lib/gcc/nios2-elf/5.3.0/../../../../../H-x86_64-mingw32/nios2-elf/lib\libsmallc.a(lib_a-__call_atexit.o)
                                        0x4d1 (size before relaxing)
 .debug_str     0x000000000000149c       0x45 c:/intelfpga_lite/18.1/nios2eds/bin/gnu/h-x86_64-mingw32/bin/../lib/gcc/nios2-elf/5.3.0/../../../../../H-x86_64-mingw32/nios2-elf/lib\libsmallc.a(lib_a-impure.o)
                                        0x4a4 (size before relaxing)
 .debug_str     0x00000000000014e1       0x2a ../rfid_test_bsp/\libhal_bsp.a(alt_exit.o)
                                        0x193 (size before relaxing)

.debug_loc      0x0000000000000000      0x82f
 *(.debug_loc)
 .debug_loc     0x0000000000000000      0x4ce c:/intelfpga_lite/18.1/nios2eds/bin/gnu/h-x86_64-mingw32/bin/../lib/gcc/nios2-elf/5.3.0\libgcc.a(lib2-divmod.o)
 .debug_loc     0x00000000000004ce       0x2c c:/intelfpga_lite/18.1/nios2eds/bin/gnu/h-x86_64-mingw32/bin/../lib/gcc/nios2-elf/5.3.0/../../../../../H-x86_64-mingw32/nios2-elf/lib\libsmallc.a(lib_a-atexit.o)
 .debug_loc     0x00000000000004fa       0x1e c:/intelfpga_lite/18.1/nios2eds/bin/gnu/h-x86_64-mingw32/bin/../lib/gcc/nios2-elf/5.3.0/../../../../../H-x86_64-mingw32/nios2-elf/lib\libsmallc.a(lib_a-exit.o)
 .debug_loc     0x0000000000000518      0x1c0 c:/intelfpga_lite/18.1/nios2eds/bin/gnu/h-x86_64-mingw32/bin/../lib/gcc/nios2-elf/5.3.0/../../../../../H-x86_64-mingw32/nios2-elf/lib\libsmallc.a(lib_a-__atexit.o)
 .debug_loc     0x00000000000006d8      0x157 c:/intelfpga_lite/18.1/nios2eds/bin/gnu/h-x86_64-mingw32/bin/../lib/gcc/nios2-elf/5.3.0/../../../../../H-x86_64-mingw32/nios2-elf/lib\libsmallc.a(lib_a-__call_atexit.o)

.debug_macinfo
 *(.debug_macinfo)

.debug_weaknames
 *(.debug_weaknames)

.debug_funcnames
 *(.debug_funcnames)

.debug_typenames
 *(.debug_typenames)

.debug_varnames
 *(.debug_varnames)

.debug_alt_sim_info
 *(.debug_alt_sim_info)
                0x000000000003c200                __alt_data_end = 0x3c200
                0x000000000003c200                PROVIDE (__alt_stack_pointer, __alt_data_end)
                [!provide]                        PROVIDE (__alt_stack_limit, __alt_stack_base)
                [!provide]                        PROVIDE (__alt_heap_start, end)
                [!provide]                        PROVIDE (__alt_heap_limit, 0x3c200)
OUTPUT(RUN_ON_HDL_SIMULATOR_ONLY_rfid_test.elf elf32-littlenios2)

.debug_ranges   0x0000000000000000       0xf0
 .debug_ranges  0x0000000000000000       0x20 ../rfid_test_bsp//obj/HAL/src/crt0.o
 .debug_ranges  0x0000000000000020       0x60 c:/intelfpga_lite/18.1/nios2eds/bin/gnu/h-x86_64-mingw32/bin/../lib/gcc/nios2-elf/5.3.0\libgcc.a(lib2-divmod.o)
 .debug_ranges  0x0000000000000080       0x18 ../rfid_test_bsp/\libhal_bsp.a(altera_avalon_jtag_uart_read.o)
 .debug_ranges  0x0000000000000098       0x10 c:/intelfpga_lite/18.1/nios2eds/bin/gnu/h-x86_64-mingw32/bin/../lib/gcc/nios2-elf/5.3.0/../../../../../H-x86_64-mingw32/nios2-elf/lib\libsmallc.a(lib_a-atexit.o)
 .debug_ranges  0x00000000000000a8       0x10 c:/intelfpga_lite/18.1/nios2eds/bin/gnu/h-x86_64-mingw32/bin/../lib/gcc/nios2-elf/5.3.0/../../../../../H-x86_64-mingw32/nios2-elf/lib\libsmallc.a(lib_a-exit.o)
 .debug_ranges  0x00000000000000b8       0x10 c:/intelfpga_lite/18.1/nios2eds/bin/gnu/h-x86_64-mingw32/bin/../lib/gcc/nios2-elf/5.3.0/../../../../../H-x86_64-mingw32/nios2-elf/lib\libsmallc.a(lib_a-__atexit.o)
 .debug_ranges  0x00000000000000c8       0x28 c:/intelfpga_lite/18.1/nios2eds/bin/gnu/h-x86_64-mingw32/bin/../lib/gcc/nios2-elf/5.3.0/../../../../../H-x86_64-mingw32/nios2-elf/lib\libsmallc.a(lib_a-__call_atexit.o)
